../../TouchGFX/target/generated/HardwareMJPEGDecoder.hpp:61:22:virtual uint32_t HardwareMJPEGDecoder::getCurrentFrameNumber() const	0	static
../../TouchGFX/target/generated/HardwareMJPEGDecoder.hpp:74:23:virtual MJPEGDecoder::AVIErrors HardwareMJPEGDecoder::getLastError()	0	static
C:/Users/HP/git/STM32-TouchGFX-BME680/TouchGFX/target/generated/HardwareMJPEGDecoder.cpp:294:6:virtual bool HardwareMJPEGDecoder::hasVideo()	0	static
C:/Users/HP/git/STM32-TouchGFX-BME680/TouchGFX/target/generated/HardwareMJPEGDecoder.cpp:487:10:virtual uint32_t HardwareMJPEGDecoder::getNumberOfFrames()	0	static
C:/Users/HP/git/STM32-TouchGFX-BME680/TouchGFX/target/generated/HardwareMJPEGDecoder.cpp:492:6:virtual void HardwareMJPEGDecoder::setRepeatVideo(bool)	0	static
C:/Users/HP/git/STM32-TouchGFX-BME680/TouchGFX/target/generated/HardwareMJPEGDecoder.cpp:497:6:virtual void HardwareMJPEGDecoder::getVideoInfo(touchgfx::VideoInformation*)	8	static
../../TouchGFX/target/generated/HardwareMJPEGDecoder.hpp:44:7:HardwareMJPEGDecoder::~HardwareMJPEGDecoder()	0	static
C:/Users/HP/git/STM32-TouchGFX-BME680/TouchGFX/target/generated/HardwareMJPEGDecoder.cpp:461:6:virtual bool HardwareMJPEGDecoder::decodeThumbnail(uint32_t, uint8_t*, uint16_t, uint16_t)	8	static
../../TouchGFX/target/generated/HardwareMJPEGDecoder.hpp:44:7:virtual HardwareMJPEGDecoder::~HardwareMJPEGDecoder()	8	static
C:/Users/HP/git/STM32-TouchGFX-BME680/TouchGFX/target/generated/HardwareMJPEGDecoder.cpp:94:1:HardwareMJPEGDecoder::HardwareMJPEGDecoder()	16	static
C:/Users/HP/git/STM32-TouchGFX-BME680/TouchGFX/target/generated/HardwareMJPEGDecoder.cpp:111:5:int HardwareMJPEGDecoder::compare(uint32_t, const char*, uint32_t)	4	static
C:/Users/HP/git/STM32-TouchGFX-BME680/TouchGFX/target/generated/HardwareMJPEGDecoder.cpp:126:17:uint32_t HardwareMJPEGDecoder::getU32(uint32_t)	8	static
C:/Users/HP/git/STM32-TouchGFX-BME680/TouchGFX/target/generated/HardwareMJPEGDecoder.cpp:146:17:uint32_t HardwareMJPEGDecoder::getU16(uint32_t)	0	static
C:/Users/HP/git/STM32-TouchGFX-BME680/TouchGFX/target/generated/HardwareMJPEGDecoder.cpp:164:16:const uint8_t* HardwareMJPEGDecoder::readData(uint32_t, uint32_t)	16	static
C:/Users/HP/git/STM32-TouchGFX-BME680/TouchGFX/target/generated/HardwareMJPEGDecoder.cpp:239:6:virtual bool HardwareMJPEGDecoder::gotoNextFrame()	32	static
C:/Users/HP/git/STM32-TouchGFX-BME680/TouchGFX/target/generated/HardwareMJPEGDecoder.cpp:467:6:virtual void HardwareMJPEGDecoder::gotoFrame(uint32_t)	16	static
C:/Users/HP/git/STM32-TouchGFX-BME680/TouchGFX/target/generated/HardwareMJPEGDecoder.cpp:299:6:void HardwareMJPEGDecoder::readVideoHeader()	24	static
C:/Users/HP/git/STM32-TouchGFX-BME680/TouchGFX/target/generated/HardwareMJPEGDecoder.cpp:276:6:virtual void HardwareMJPEGDecoder::setVideoData(const uint8_t*, uint32_t)	0	static
C:/Users/HP/git/STM32-TouchGFX-BME680/TouchGFX/target/generated/HardwareMJPEGDecoder.cpp:285:6:virtual void HardwareMJPEGDecoder::setVideoData(touchgfx::VideoDataReader&)	8	static
C:/Users/HP/git/STM32-TouchGFX-BME680/TouchGFX/target/generated/HardwareMJPEGDecoder.cpp:514:14:uint32_t JPEG_Decode_DMA(JPEG_HandleTypeDef*, uint8_t*, uint32_t, uint8_t*)	24	static
C:/Users/HP/git/STM32-TouchGFX-BME680/TouchGFX/target/generated/HardwareMJPEGDecoder.cpp:544:10:void HAL_JPEG_InfoReadyCallback(JPEG_HandleTypeDef*, JPEG_ConfTypeDef*)	8	static
C:/Users/HP/git/STM32-TouchGFX-BME680/TouchGFX/target/generated/HardwareMJPEGDecoder.cpp:605:10:void HAL_JPEG_GetDataCallback(JPEG_HandleTypeDef*, uint32_t)	8	static
C:/Users/HP/git/STM32-TouchGFX-BME680/TouchGFX/target/generated/HardwareMJPEGDecoder.cpp:624:10:void HAL_JPEG_DataReadyCallback(JPEG_HandleTypeDef*, uint8_t*, uint32_t)	16	static
C:/Users/HP/git/STM32-TouchGFX-BME680/TouchGFX/target/generated/HardwareMJPEGDecoder.cpp:652:10:void HAL_JPEG_ErrorCallback(JPEG_HandleTypeDef*)	0	static,ignoring_inline_asm
C:/Users/HP/git/STM32-TouchGFX-BME680/TouchGFX/target/generated/HardwareMJPEGDecoder.cpp:665:10:void HAL_JPEG_DecodeCpltCallback(JPEG_HandleTypeDef*)	0	static
C:/Users/HP/git/STM32-TouchGFX-BME680/TouchGFX/target/generated/HardwareMJPEGDecoder.cpp:676:10:uint32_t JPEG_OutputHandler(JPEG_HandleTypeDef*)	40	static,ignoring_inline_asm
C:/Users/HP/git/STM32-TouchGFX-BME680/TouchGFX/target/generated/HardwareMJPEGDecoder.cpp:401:6:void HardwareMJPEGDecoder::decodeMJPEGFrame(const uint8_t*, uint32_t, uint8_t*, uint16_t, uint16_t, uint32_t)	16	static
C:/Users/HP/git/STM32-TouchGFX-BME680/TouchGFX/target/generated/HardwareMJPEGDecoder.cpp:187:6:virtual bool HardwareMJPEGDecoder::decodeNextFrame(uint8_t*, uint16_t, uint16_t, uint32_t)	56	static
C:/Users/HP/git/STM32-TouchGFX-BME680/TouchGFX/target/generated/HardwareMJPEGDecoder.cpp:438:6:virtual bool HardwareMJPEGDecoder::decodeFrame(const touchgfx::Rect&, uint8_t*, uint32_t)	24	static
