../Application/User/bme68x.c:1007:14:calc_temperature	0	static
../Application/User/bme68x.c:1031:14:calc_pressure	0	static
../Application/User/bme68x.c:1064:14:calc_humidity	0	static
../Application/User/bme68x.c:1136:16:calc_res_heat	8	static
../Application/User/bme68x.c:1451:15:null_ptr_check	0	static
../Application/User/bme68x.c:1427:15:boundary_check	8	static
../Application/User/bme68x.c:1358:15:set_mem_page	24	static
../Application/User/bme68x.c:1403:15:get_mem_page	24	static
../Application/User/bme68x.c:1097:14:calc_gas_resistance_low.isra	152	static
../Application/User/bme68x.c:178:8:bme68x_set_regs	56	static
../Application/User/bme68x.c:235:8:bme68x_get_regs	24	static
../Application/User/bme68x.c:270:8:bme68x_soft_reset	24	static
../Application/User/bme68x.c:144:8:bme68x_init	56	static
../Application/User/bme68x.c:395:8:bme68x_get_conf	16	static
../Application/User/bme68x.c:430:8:bme68x_set_op_mode	24	static
../Application/User/bme68x.c:467:8:bme68x_get_op_mode	16	static
../Application/User/bme68x.c:311:8:bme68x_set_conf	40	static
../Application/User/bme68x.c:490:10:bme68x_get_meas_dur	24	static
../Application/User/bme68x.c:540:8:bme68x_get_data	248	static
../Application/User/bme68x.c:630:8:bme68x_set_heatr_conf	104	static
../Application/User/bme68x.c:687:8:bme68x_get_heatr_conf	32	static
../Application/User/bme68x.c:725:8:bme68x_selftest_check	272	static
