C:/Users/HP/git/STM32-TouchGFX-BME680/Core/Src/main.c:165:8:user_i2c_read	40	static
C:/Users/HP/git/STM32-TouchGFX-BME680/Core/Src/main.c:172:10:user_delay_ms	0	static
C:/Users/HP/git/STM32-TouchGFX-BME680/Core/Src/main.c:177:12:user_i2c_write	40	static
C:/Users/HP/git/STM32-TouchGFX-BME680/Core/Src/main.c:1772:6:StartDefaultTask	8	static
C:/Users/HP/git/STM32-TouchGFX-BME680/Core/Src/main.c:1648:16:QSPI_WriteEnable.constprop	88	static
C:/Users/HP/git/STM32-TouchGFX-BME680/Core/Src/main.c:354:6:SystemClock_Config	88	static
C:/Users/HP/git/STM32-TouchGFX-BME680/Core/Src/main.c:693:6:MX_I2C4_Init	16	static
C:/Users/HP/git/STM32-TouchGFX-BME680/Core/Src/main.c:194:5:main	280	static,ignoring_inline_asm
C:/Users/HP/git/STM32-TouchGFX-BME680/Core/Src/main.c:1757:6:HAL_ADC_ConvCpltCallback	8	static
C:/Users/HP/git/STM32-TouchGFX-BME680/Core/Src/main.c:1876:6:HAL_TIM_PeriodElapsedCallback	0	static
C:/Users/HP/git/STM32-TouchGFX-BME680/Core/Src/main.c:1893:6:Error_Handler	0	static
