C:/Users/HP/Desktop/STM32F769I-Discovery_TouchGFX-BME680/Core/Src/stm32f7xx_hal_msp.c:69:6:HAL_MspInit	8	static
C:/Users/HP/Desktop/STM32F769I-Discovery_TouchGFX-BME680/Core/Src/stm32f7xx_hal_msp.c:93:6:HAL_ADC_MspInit	40	static
C:/Users/HP/Desktop/STM32F769I-Discovery_TouchGFX-BME680/Core/Src/stm32f7xx_hal_msp.c:129:6:HAL_ADC_MspDeInit	8	static
C:/Users/HP/Desktop/STM32F769I-Discovery_TouchGFX-BME680/Core/Src/stm32f7xx_hal_msp.c:159:6:HAL_CRC_MspInit	8	static
C:/Users/HP/Desktop/STM32F769I-Discovery_TouchGFX-BME680/Core/Src/stm32f7xx_hal_msp.c:181:6:HAL_CRC_MspDeInit	0	static
C:/Users/HP/Desktop/STM32F769I-Discovery_TouchGFX-BME680/Core/Src/stm32f7xx_hal_msp.c:203:6:HAL_DMA2D_MspInit	16	static
C:/Users/HP/Desktop/STM32F769I-Discovery_TouchGFX-BME680/Core/Src/stm32f7xx_hal_msp.c:228:6:HAL_DMA2D_MspDeInit	0	static
C:/Users/HP/Desktop/STM32F769I-Discovery_TouchGFX-BME680/Core/Src/stm32f7xx_hal_msp.c:253:6:HAL_DSI_MspInit	40	static
C:/Users/HP/Desktop/STM32F769I-Discovery_TouchGFX-BME680/Core/Src/stm32f7xx_hal_msp.c:291:6:HAL_DSI_MspDeInit	8	static
C:/Users/HP/Desktop/STM32F769I-Discovery_TouchGFX-BME680/Core/Src/stm32f7xx_hal_msp.c:321:6:HAL_I2C_MspInit	208	static
C:/Users/HP/Desktop/STM32F769I-Discovery_TouchGFX-BME680/Core/Src/stm32f7xx_hal_msp.c:411:6:HAL_I2C_MspDeInit	8	static
C:/Users/HP/Desktop/STM32F769I-Discovery_TouchGFX-BME680/Core/Src/stm32f7xx_hal_msp.c:464:6:HAL_JPEG_MspInit	24	static
C:/Users/HP/Desktop/STM32F769I-Discovery_TouchGFX-BME680/Core/Src/stm32f7xx_hal_msp.c:533:6:HAL_JPEG_MspDeInit	8	static
C:/Users/HP/Desktop/STM32F769I-Discovery_TouchGFX-BME680/Core/Src/stm32f7xx_hal_msp.c:562:6:HAL_LTDC_MspInit	160	static
C:/Users/HP/Desktop/STM32F769I-Discovery_TouchGFX-BME680/Core/Src/stm32f7xx_hal_msp.c:603:6:HAL_LTDC_MspDeInit	0	static
C:/Users/HP/Desktop/STM32F769I-Discovery_TouchGFX-BME680/Core/Src/stm32f7xx_hal_msp.c:628:6:HAL_QSPI_MspInit	64	static
C:/Users/HP/Desktop/STM32F769I-Discovery_TouchGFX-BME680/Core/Src/stm32f7xx_hal_msp.c:701:6:HAL_QSPI_MspDeInit	8	static
C:/Users/HP/Desktop/STM32F769I-Discovery_TouchGFX-BME680/Core/Src/stm32f7xx_hal_msp.c:742:6:HAL_TIM_PWM_MspInit	8	static
C:/Users/HP/Desktop/STM32F769I-Discovery_TouchGFX-BME680/Core/Src/stm32f7xx_hal_msp.c:758:6:HAL_TIM_MspPostInit	32	static
C:/Users/HP/Desktop/STM32F769I-Discovery_TouchGFX-BME680/Core/Src/stm32f7xx_hal_msp.c:790:6:HAL_TIM_PWM_MspDeInit	0	static
C:/Users/HP/Desktop/STM32F769I-Discovery_TouchGFX-BME680/Core/Src/stm32f7xx_hal_msp.c:936:6:HAL_SDRAM_MspInit	48	static
C:/Users/HP/Desktop/STM32F769I-Discovery_TouchGFX-BME680/Core/Src/stm32f7xx_hal_msp.c:1044:6:HAL_SDRAM_MspDeInit	8	static
C:/Users/HP/Desktop/STM32F769I-Discovery_TouchGFX-BME680/Core/Src/stm32f7xx_hal_msp.c:1064:6:BSP_QSPI_MspInit	0	static
C:/Users/HP/Desktop/STM32F769I-Discovery_TouchGFX-BME680/Core/Src/stm32f7xx_hal_msp.c:1078:6:BSP_QSPI_MspDeInit	0	static
C:/Users/HP/Desktop/STM32F769I-Discovery_TouchGFX-BME680/Core/Src/stm32f7xx_hal_msp.c:1091:6:BSP_SDRAM_MspInit	0	static
C:/Users/HP/Desktop/STM32F769I-Discovery_TouchGFX-BME680/Core/Src/stm32f7xx_hal_msp.c:1104:6:BSP_SDRAM_MspDeInit	0	static
