../../TouchGFX/gui/include/gui/model/ModelListener.hpp:22:18:virtual void ModelListener::UpdateTemp(float)	0	static
../../TouchGFX/gui/include/gui/model/ModelListener.hpp:23:18:virtual void ModelListener::UpdateHumi(float)	0	static
../../TouchGFX/gui/include/gui/model/ModelListener.hpp:24:18:virtual void ModelListener::UpdatePres(float)	0	static
../../TouchGFX/gui/include/gui/model/ModelListener.hpp:25:18:virtual void ModelListener::UpdateGas(float)	0	static
../../TouchGFX/gui/include/gui/screen1_screen/Screen1Presenter.hpp:28:13:Screen1Presenter::~Screen1Presenter()	0	static
C:/Users/HP/git/STM32-TouchGFX-BME680/TouchGFX/gui/src/screen1_screen/Screen1Presenter.cpp:10:6:virtual void Screen1Presenter::activate()	0	static
../../TouchGFX/gui/include/gui/screen1_screen/Screen1Presenter.hpp:28:13:virtual Screen1Presenter::~Screen1Presenter()	8	static
C:/Users/HP/git/STM32-TouchGFX-BME680/TouchGFX/gui/src/screen1_screen/Screen1Presenter.cpp:19:6:virtual void Screen1Presenter::UpdateGraph1(uint16_t)	0	static
C:/Users/HP/git/STM32-TouchGFX-BME680/TouchGFX/gui/src/screen1_screen/Screen1Presenter.cpp:24:6:virtual void Screen1Presenter::UpdateBar(uint16_t)	0	static
C:/Users/HP/git/STM32-TouchGFX-BME680/TouchGFX/gui/src/screen1_screen/Screen1Presenter.cpp:29:6:virtual void Screen1Presenter::UpdateTextArea(uint16_t)	0	static
../../TouchGFX/gui/include/gui/screen1_screen/Screen1Presenter.hpp:28:13:virtual void* Screen1Presenter::_ZThn4_N16Screen1PresenterD1Ev()	0	static
C:/Users/HP/git/STM32-TouchGFX-BME680/TouchGFX/gui/src/screen1_screen/Screen1Presenter.cpp:4:1:Screen1Presenter::Screen1Presenter(Screen1View&)	0	static
